// Jest Snapshot v1, https://goo.gl/fbAQLP

exports[`Button renders correctly 1`] = `
<div
  class="sc-ifAKCX evScRP"
>
  <button
    class="sc-htpNat ldLqpm"
  >
    Text
  </button>
</div>
`;
