// Jest Snapshot v1, https://goo.gl/fbAQLP

exports[`Toolbar renders correctly 1`] = `
<div
  class="sc-jzJRlG bBrbNn"
>
  <div
    class="sc-ifAKCX evScRP"
  >
    <button
      class="sc-htpNat ldLqpm"
    >
      1
    </button>
  </div>
  <div
    class="sc-cSHVUG jRyzIG"
  />
  <div
    class="sc-kAzzGY lcEaIs"
  />
  <div
    class="sc-ifAKCX evScRP"
  >
    <button
      class="sc-htpNat ldLqpm"
    >
      2
    </button>
  </div>
</div>
`;

exports[`Toolbar renders with props 1`] = `
<div
  class="sc-jzJRlG hDKaKb"
/>
`;
